  Determining projects to restore...
  All projects are up-to-date for restore.
  usurper-reloaded -> C:\Users\jason\Desktop\Usurper\usurper-remake\bin\Release\net8.0\UsurperRemake.dll

Build succeeded.
    0 Warning(s)
    0 Error(s)

Time Elapsed 00:00:01.35
